// Jest Snapshot v1, https://goo.gl/fbAQLP

exports[`should render header 1`] = `
<div>
  <h1>
    Budget Manager
  </h1>
  <NavLink
    activeClassName="is-active"
    exact={true}
    to="/"
  >
    Dashboard
  </NavLink>
  <NavLink
    activeClassName="is-active"
    to="/create"
  >
    AddExpense
  </NavLink>
</div>
`;
